 lab3_step_DM_cgxe

 Timestamp is 5cc40a1e (Sat Apr 27 10:51:58 2019)

 Preferred load address is 0000000180000000

 Start         Length     Name                   Class
 0001:00000000 00009914H .text                   CODE
 0001:00009920 00000092H .text$x                 CODE
 0002:00000000 000002e8H .idata$5                DATA
 0002:000002e8 00000008H .CRT$XCA                DATA
 0002:000002f0 00000008H .CRT$XCZ                DATA
 0002:000002f8 00000008H .CRT$XIA                DATA
 0002:00000300 00000008H .CRT$XIAA               DATA
 0002:00000308 00000008H .CRT$XIZ                DATA
 0002:00000310 000007dcH .rdata                  DATA
 0002:00000af0 00000008H .rtc$IAA                DATA
 0002:00000af8 00000008H .rtc$IZZ                DATA
 0002:00000b00 00000008H .rtc$TAA                DATA
 0002:00000b08 00000008H .rtc$TZZ                DATA
 0002:00000b10 00000578H .xdata                  DATA
 0002:00001088 00000078H .idata$2                DATA
 0002:00001100 00000014H .idata$3                DATA
 0002:00001118 000002e8H .idata$4                DATA
 0002:00001400 000006b0H .idata$6                DATA
 0002:00001ab0 00000057H .edata                  DATA
 0003:00000000 000017fcH .data                   DATA
 0003:00001800 00000698H .bss                    DATA
 0004:00000000 00000648H .pdata                  DATA

  Address         Publics by Value              Rva+Base               Lib:Object

 0000:00000000       ___safe_se_handler_count   0000000000000000     <absolute>
 0000:00000000       ___safe_se_handler_table   0000000000000000     <absolute>
 0000:00000000       __ImageBase                0000000180000000     <linker-defined>
 0001:00000000       cgxe_lab3_step_DM_method_dispatcher 0000000180001000 f   lab3_step_DM_cgxe.obj
 0001:00000070       method_dispatcher_CvDDrgzKCMUBtsbzOngNU 0000000180001070 f   m_CvDDrgzKCMUBtsbzOngNU.obj
 0001:000023e0       cgxe_CvDDrgzKCMUBtsbzOngNU_BuildInfoUpdate 00000001800033e0 f   m_CvDDrgzKCMUBtsbzOngNU.obj
 0001:00002620       cgxe_CvDDrgzKCMUBtsbzOngNU_fallback_info 0000000180003620 f   m_CvDDrgzKCMUBtsbzOngNU.obj
 0001:000026c0       _ssSetStateAbsTol          00000001800036c0 f   lab3_step_DM_cgxe_registry.obj
 0001:000027a0       _ssGetAbsTol               00000001800037a0 f   lab3_step_DM_cgxe_registry.obj
 0001:00002810       _ssSetInputPortMatrixDimensions 0000000180003810 f   lab3_step_DM_cgxe_registry.obj
 0001:00002940       _ssSetOutputPortMatrixDimensions 0000000180003940 f   lab3_step_DM_cgxe_registry.obj
 0001:00002a70       _ssSetInputPortVectorDimension 0000000180003a70 f   lab3_step_DM_cgxe_registry.obj
 0001:00002b40       _ssSetOutputPortVectorDimension 0000000180003b40 f   lab3_step_DM_cgxe_registry.obj
 0001:00002c10       _ssSetSymbolicDimsSupport  0000000180003c10 f   lab3_step_DM_cgxe_registry.obj
 0001:00002c80       _ssRegisterSymbolicDimsExpr 0000000180003c80 f   lab3_step_DM_cgxe_registry.obj
 0001:00002d00       _ssRegisterSymbolicDims    0000000180003d00 f   lab3_step_DM_cgxe_registry.obj
 0001:00002da0       _ssRegisterSymbolicDimsString 0000000180003da0 f   lab3_step_DM_cgxe_registry.obj
 0001:00002e20       _ssRegisterSymbolicDimsIntValue 0000000180003e20 f   lab3_step_DM_cgxe_registry.obj
 0001:00002e90       _ssRegisterSymbolicDimsPlus 0000000180003e90 f   lab3_step_DM_cgxe_registry.obj
 0001:00002f10       _ssRegisterSymbolicDimsMinus 0000000180003f10 f   lab3_step_DM_cgxe_registry.obj
 0001:00002f90       _ssRegisterSymbolicDimsMultiply 0000000180003f90 f   lab3_step_DM_cgxe_registry.obj
 0001:00003010       _ssRegisterSymbolicDimsDivide 0000000180004010 f   lab3_step_DM_cgxe_registry.obj
 0001:00003090       _ssGetNumSymbolicDims      0000000180004090 f   lab3_step_DM_cgxe_registry.obj
 0001:00003100       _ssGetSymbolicDim          0000000180004100 f   lab3_step_DM_cgxe_registry.obj
 0001:00003180       _ssSetInputPortSymbolicDimsId 0000000180004180 f   lab3_step_DM_cgxe_registry.obj
 0001:000031f0       _ssGetCompInputPortSymbolicDimsId 00000001800041f0 f   lab3_step_DM_cgxe_registry.obj
 0001:00003260       _ssSetCompInputPortSymbolicDimsId 0000000180004260 f   lab3_step_DM_cgxe_registry.obj
 0001:000032d0       _ssSetOutputPortSymbolicDimsId 00000001800042d0 f   lab3_step_DM_cgxe_registry.obj
 0001:00003340       _ssGetCompOutputPortSymbolicDimsId 0000000180004340 f   lab3_step_DM_cgxe_registry.obj
 0001:000033b0       _ssSetCompOutputPortSymbolicDimsId 00000001800043b0 f   lab3_step_DM_cgxe_registry.obj
 0001:00003420       _ssSetCompDWorkSymbolicDimsId 0000000180004420 f   lab3_step_DM_cgxe_registry.obj
 0001:00003490       ssIsRunTimeParamTunable    0000000180004490 f   lab3_step_DM_cgxe_registry.obj
 0001:00003500       ssGetSFuncBlockHandle      0000000180004500 f   lab3_step_DM_cgxe_registry.obj
 0001:00003570       _ssGetCurrentInputPortWidth 0000000180004570 f   lab3_step_DM_cgxe_registry.obj
 0001:00003690       _ssGetCurrentOutputPortWidth 0000000180004690 f   lab3_step_DM_cgxe_registry.obj
 0001:000037b0       _ssGetCallSystemNumFcnCallDestinations 00000001800047b0 f   lab3_step_DM_cgxe_registry.obj
 0001:00003820       ssGetParameterTuningCompliance 0000000180004820 f   lab3_step_DM_cgxe_registry.obj
 0001:00003890       ssWarning                  0000000180004890 f   lab3_step_DM_cgxe_registry.obj
 0001:000039a0       ssGetIsZeroCrossControlDisabled 00000001800049a0 f   lab3_step_DM_cgxe_registry.obj
 0001:00003a10       ssSetIsInputPortUsedForContZcSignal 0000000180004a10 f   lab3_step_DM_cgxe_registry.obj
 0001:00003a80       ssSetZcSignalIsZcElementDisc 0000000180004a80 f   lab3_step_DM_cgxe_registry.obj
 0001:00003b30       ssSetZcSignalName          0000000180004b30 f   lab3_step_DM_cgxe_registry.obj
 0001:00003ba0       ssSetZcSignalWidth         0000000180004ba0 f   lab3_step_DM_cgxe_registry.obj
 0001:00003c10       ssSetZcSignalZcEventType   0000000180004c10 f   lab3_step_DM_cgxe_registry.obj
 0001:00003c80       ssSetZcSignalType          0000000180004c80 f   lab3_step_DM_cgxe_registry.obj
 0001:00003cf0       ssSetZcSignalZcTol         0000000180004cf0 f   lab3_step_DM_cgxe_registry.obj
 0001:00003d60       ssSetZcSignalNeedsEventNotification 0000000180004d60 f   lab3_step_DM_cgxe_registry.obj
 0001:00003dd0       ssCreateAndAddZcSignalInfo 0000000180004dd0 f   lab3_step_DM_cgxe_registry.obj
 0001:00003e40       ssCloneAndAddZcSignalInfo  0000000180004e40 f   lab3_step_DM_cgxe_registry.obj
 0001:00003eb0       ssGetNumZcSignals          0000000180004eb0 f   lab3_step_DM_cgxe_registry.obj
 0001:00003f20       ssGetZcSignalVector        0000000180004f20 f   lab3_step_DM_cgxe_registry.obj
 0001:00003f90       ssGetZcSignalZcEvents      0000000180004f90 f   lab3_step_DM_cgxe_registry.obj
 0001:00004000       ssGetZcSignalName          0000000180005000 f   lab3_step_DM_cgxe_registry.obj
 0001:00004070       ssGetZcSignalWidth         0000000180005070 f   lab3_step_DM_cgxe_registry.obj
 0001:000040e0       ssGetZcSignalZcEventType   00000001800050e0 f   lab3_step_DM_cgxe_registry.obj
 0001:00004150       ssGetZcSignalType          0000000180005150 f   lab3_step_DM_cgxe_registry.obj
 0001:000041c0       ssGetZcSignalZcTol         00000001800051c0 f   lab3_step_DM_cgxe_registry.obj
 0001:00004240       ssGetZcSignalNeedsEventNotification 0000000180005240 f   lab3_step_DM_cgxe_registry.obj
 0001:000042b0       ssGetZcSignalIsZcElementDisc 00000001800052b0 f   lab3_step_DM_cgxe_registry.obj
 0001:00004350       ssGetIsInputPortElementContinuous 0000000180005350 f   lab3_step_DM_cgxe_registry.obj
 0001:000043f0       _ssGetInputPortSignalPtrsFcn 00000001800053f0 f   lab3_step_DM_cgxe_registry.obj
 0001:000048f0       _ssGetInputPortSignalFcn   00000001800058f0 f   lab3_step_DM_cgxe_registry.obj
 0001:00004d50       _ssSetInputPortDirectFeedThroughFcn 0000000180005d50 f   lab3_step_DM_cgxe_registry.obj
 0001:00004f00       _ssSetInputPortReusableFcn 0000000180005f00 f   lab3_step_DM_cgxe_registry.obj
 0001:00004ff0       _ssSetOutputPortReusableFcn 0000000180005ff0 f   lab3_step_DM_cgxe_registry.obj
 0001:000050d0       ssGetDTypeIdFromMxArray    00000001800060d0 f   lab3_step_DM_cgxe_registry.obj
 0001:000051f0       ssWriteRTWStr              00000001800061f0 f   lab3_step_DM_cgxe_registry.obj
 0001:00005250       ssWriteRTWMxVectParam      0000000180006250 f   lab3_step_DM_cgxe_registry.obj
 0001:000052b0       ssWriteRTWMx2dMatParam     00000001800062b0 f   lab3_step_DM_cgxe_registry.obj
 0001:00005330       ssWriteRTWNameValuePair    0000000180006330 f   lab3_step_DM_cgxe_registry.obj
 0001:00005820       ssWriteRTWParameters       0000000180006820 f   lab3_step_DM_cgxe_registry.obj
 0001:00005e20       ssWriteRTWParamSettings    0000000180006e20 f   lab3_step_DM_cgxe_registry.obj
 0001:000064f0       ssWriteRTWWorkVect         00000001800074f0 f   lab3_step_DM_cgxe_registry.obj
 0001:000069f0       mexFunction                00000001800079f0 f   lab3_step_DM_cgxe_registry.obj
 0001:00008de6       mxGetData                  0000000180009de6 f   libmx:libmx.dll
 0001:00008dec       mxGetLogicals              0000000180009dec f   libmx:libmx.dll
 0001:00008df2       mxCreateString             0000000180009df2 f   libmx:libmx.dll
 0001:00008df8       mxSetCell_700              0000000180009df8 f   libmx:libmx.dll
 0001:00008dfe       mxCreateCellMatrix_700     0000000180009dfe f   libmx:libmx.dll
 0001:00008e04       mxSetFieldByNumber_700     0000000180009e04 f   libmx:libmx.dll
 0001:00008e0a       mxCreateStructMatrix_700   0000000180009e0a f   libmx:libmx.dll
 0001:00008e10       mxGetClassID               0000000180009e10 f   libmx:libmx.dll
 0001:00008e16       mxGetPr                    0000000180009e16 f   libmx:libmx.dll
 0001:00008e1c       mxGetString_700            0000000180009e1c f   libmx:libmx.dll
 0001:00008e22       mxIsChar                   0000000180009e22 f   libmx:libmx.dll
 0001:00008e28       mxCreateDoubleMatrix_700   0000000180009e28 f   libmx:libmx.dll
 0001:00008e2e       mxSetField_700             0000000180009e2e f   libmx:libmx.dll
 0001:00008e34       mxCreateNumericMatrix_700  0000000180009e34 f   libmx:libmx.dll
 0001:00008e3a       mxIsNumeric                0000000180009e3a f   libmx:libmx.dll
 0001:00008e40       mxIsComplex                0000000180009e40 f   libmx:libmx.dll
 0001:00008e46       mxGetN                     0000000180009e46 f   libmx:libmx.dll
 0001:00008e4c       mxGetM                     0000000180009e4c f   libmx:libmx.dll
 0001:00008e52       mxCalloc                   0000000180009e52 f   libmx:libmx.dll
 0001:00008e58       mexWarnMsgTxt              0000000180009e58 f   libmex:libmex.dll
 0001:00008e5e       mexCallMATLABWithObject    0000000180009e5e f   libmex:libmex.dll
 0001:00008e64       mexPrintf                  0000000180009e64 f   libmex:libmex.dll
 0001:00008e6a       mexUnlock                  0000000180009e6a f   libmex:libmex.dll
 0001:00008e70       mexIsLocked                0000000180009e70 f   libmex:libmex.dll
 0001:00008e76       mexErrMsgTxt               0000000180009e76 f   libmex:libmex.dll
 0001:00008e7c       emlrtCreateLogicalScalar   0000000180009e7c f   libemlrt:libemlrt.dll
 0001:00008e82       emlrtSetCell               0000000180009e82 f   libemlrt:libemlrt.dll
 0001:00008e88       emlrtCreateNumericArray    0000000180009e88 f   libemlrt:libemlrt.dll
 0001:00008e8e       emlrtCreateStructArray     0000000180009e8e f   libemlrt:libemlrt.dll
 0001:00008e94       emlrtAddField              0000000180009e94 f   libemlrt:libemlrt.dll
 0001:00008e9a       emlrtCreateNumericMatrix   0000000180009e9a f   libemlrt:libemlrt.dll
 0001:00008ea0       emlrtCreateStructMatrix    0000000180009ea0 f   libemlrt:libemlrt.dll
 0001:00008ea6       emlrtAssign                0000000180009ea6 f   libemlrt:libemlrt.dll
 0001:00008eac       emlrtCreateCellMatrix      0000000180009eac f   libemlrt:libemlrt.dll
 0001:00008eb2       emlrtAlias                 0000000180009eb2 f   libemlrt:libemlrt.dll
 0001:00008eb8       emlrtDestroyArray          0000000180009eb8 f   libemlrt:libemlrt.dll
 0001:00008ebe       emlrtGetCell               0000000180009ebe f   libemlrt:libemlrt.dll
 0001:00008ec4       emlrtGetFieldR2013a        0000000180009ec4 f   libemlrt:libemlrt.dll
 0001:00008eca       emlrtCheckStructR2012b     0000000180009eca f   libemlrt:libemlrt.dll
 0001:00008ed0       emlrtCheckBuiltInR2012b    0000000180009ed0 f   libemlrt:libemlrt.dll
 0001:00008ed6       emlrtInitCharArrayR2013a   0000000180009ed6 f   libemlrt:libemlrt.dll
 0001:00008edc       emlrtCreateCharArray       0000000180009edc f   libemlrt:libemlrt.dll
 0001:00008ee2       emlrtAssignP               0000000180009ee2 f   libemlrt:libemlrt.dll
 0001:00008ee8       emlrtCallMATLABR2012b      0000000180009ee8 f   libemlrt:libemlrt.dll
 0001:00008eee       cgxertGetRuntimeInstance   0000000180009eee f   libmwcgxert:libmwcgxert.dll
 0001:00008ef4       cgxertSetRuntimeInstance   0000000180009ef4 f   libmwcgxert:libmwcgxert.dll
 0001:00008efa       cgxertGetInputPortSignal   0000000180009efa f   libmwcgxert:libmwcgxert.dll
 0001:00008f00       cgxertGetCovrtInstance     0000000180009f00 f   libmwcgxert:libmwcgxert.dll
 0001:00008f06       cgxertGetEMLRTCtx          0000000180009f06 f   libmwcgxert:libmwcgxert.dll
 0001:00008f0c       __GSHandlerCheckCommon     0000000180009f0c f   MSVCRT:gshandler.obj
 0001:00008f70       __GSHandlerCheck           0000000180009f70 f   MSVCRT:gshandler.obj
 0001:00008fa0       __security_check_cookie    0000000180009fa0 f   MSVCRT:amdsecgs.obj
 0001:00008fc0       calloc                     0000000180009fc0 f   MSVCRT:MSVCR100.dll
 0001:00008fc6       free                       0000000180009fc6 f   MSVCRT:MSVCR100.dll
 0001:00008fcc       sprintf                    0000000180009fcc f   MSVCRT:MSVCR100.dll
 0001:00008fd2       malloc                     0000000180009fd2 f   MSVCRT:MSVCR100.dll
 0001:00008fd8       strlen                     0000000180009fd8 f   MSVCRT:MSVCR100.dll
 0001:00008fde       strcat                     0000000180009fde f   MSVCRT:MSVCR100.dll
 0001:00008fe4       strcmp                     0000000180009fe4 f   MSVCRT:MSVCR100.dll
 0001:00008fea       memcpy                     0000000180009fea f   MSVCRT:MSVCR100.dll
 0001:00008ff0       NtCurrentTeb               0000000180009ff0 f i MSVCRT:crtdll.obj
 0001:0000905c       _CRT_INIT                  000000018000a05c f   MSVCRT:crtdll.obj
 0001:000093f4       _DllMainCRTStartup         000000018000a3f4 f   MSVCRT:crtdll.obj
 0001:00009434       __report_gsfailure         000000018000a434 f   MSVCRT:gs_report.obj
 0001:00009580       __clean_type_info_names    000000018000a580 f   MSVCRT:tncleanup.obj
 0001:0000958c       _onexit                    000000018000a58c f   MSVCRT:atonexit.obj
 0001:0000963c       atexit                     000000018000a63c f   MSVCRT:atonexit.obj
 0001:00009654       _RTC_Initialize            000000018000a654 f   MSVCRT:_initsect_.obj
 0001:0000968c       _RTC_Terminate             000000018000a68c f   MSVCRT:_initsect_.obj
 0001:000096c4       _malloc_crt                000000018000a6c4 f   MSVCRT:MSVCR100.dll
 0001:000096d0       _ValidateImageBase         000000018000a6d0 f   MSVCRT:pesect.obj
 0001:00009700       _FindPESection             000000018000a700 f   MSVCRT:pesect.obj
 0001:00009750       _IsNonwritableInCurrentImage 000000018000a750 f   MSVCRT:pesect.obj
 0001:00009792       _initterm                  000000018000a792 f   MSVCRT:MSVCR100.dll
 0001:00009798       _initterm_e                000000018000a798 f   MSVCRT:MSVCR100.dll
 0001:0000979e       _encoded_null              000000018000a79e f   MSVCRT:MSVCR100.dll
 0001:000097a4       _amsg_exit                 000000018000a7a4 f   MSVCRT:MSVCR100.dll
 0001:000097aa       __C_specific_handler       000000018000a7aa f   MSVCRT:MSVCR100.dll
 0001:000097b0       __CppXcptFilter            000000018000a7b0 f   MSVCRT:MSVCR100.dll
 0001:000097b8       DllMain                    000000018000a7b8 f   MSVCRT:dllmain.obj
 0001:000097dc       __security_init_cookie     000000018000a7dc f   MSVCRT:gs_support.obj
 0001:00009890       __crt_debugger_hook        000000018000a890 f   MSVCRT:MSVCR100.dll
 0001:00009896       __clean_type_info_names_internal 000000018000a896 f   MSVCRT:MSVCR100.dll
 0001:0000989c       _unlock                    000000018000a89c f   MSVCRT:MSVCR100.dll
 0001:000098a2       __dllonexit                000000018000a8a2 f   MSVCRT:MSVCR100.dll
 0001:000098a8       _lock                      000000018000a8a8 f   MSVCRT:MSVCR100.dll
 0001:000098ae       EncodePointer              000000018000a8ae f   kernel32:KERNEL32.dll
 0001:000098b4       DecodePointer              000000018000a8b4 f   kernel32:KERNEL32.dll
 0001:000098ba       Sleep                      000000018000a8ba f   kernel32:KERNEL32.dll
 0001:000098c0       TerminateProcess           000000018000a8c0 f   kernel32:KERNEL32.dll
 0001:000098c6       GetCurrentProcess          000000018000a8c6 f   kernel32:KERNEL32.dll
 0001:000098cc       UnhandledExceptionFilter   000000018000a8cc f   kernel32:KERNEL32.dll
 0001:000098d2       SetUnhandledExceptionFilter 000000018000a8d2 f   kernel32:KERNEL32.dll
 0001:000098d8       IsDebuggerPresent          000000018000a8d8 f   kernel32:KERNEL32.dll
 0001:000098de       RtlVirtualUnwind           000000018000a8de f   kernel32:KERNEL32.dll
 0001:000098e4       RtlLookupFunctionEntry     000000018000a8e4 f   kernel32:KERNEL32.dll
 0001:000098ea       RtlCaptureContext          000000018000a8ea f   kernel32:KERNEL32.dll
 0001:000098f0       DisableThreadLibraryCalls  000000018000a8f0 f   kernel32:KERNEL32.dll
 0001:000098f6       QueryPerformanceCounter    000000018000a8f6 f   kernel32:KERNEL32.dll
 0001:000098fc       GetTickCount               000000018000a8fc f   kernel32:KERNEL32.dll
 0001:00009902       GetCurrentThreadId         000000018000a902 f   kernel32:KERNEL32.dll
 0001:00009908       GetCurrentProcessId        000000018000a908 f   kernel32:KERNEL32.dll
 0001:0000990e       GetSystemTimeAsFileTime    000000018000a90e f   kernel32:KERNEL32.dll
 0002:00000000       __imp_GetSystemTimeAsFileTime 000000018000b000     kernel32:KERNEL32.dll
 0002:00000008       __imp_GetCurrentProcessId  000000018000b008     kernel32:KERNEL32.dll
 0002:00000010       __imp_GetCurrentThreadId   000000018000b010     kernel32:KERNEL32.dll
 0002:00000018       __imp_GetTickCount         000000018000b018     kernel32:KERNEL32.dll
 0002:00000020       __imp_QueryPerformanceCounter 000000018000b020     kernel32:KERNEL32.dll
 0002:00000028       __imp_DisableThreadLibraryCalls 000000018000b028     kernel32:KERNEL32.dll
 0002:00000030       __imp_RtlCaptureContext    000000018000b030     kernel32:KERNEL32.dll
 0002:00000038       __imp_RtlLookupFunctionEntry 000000018000b038     kernel32:KERNEL32.dll
 0002:00000040       __imp_RtlVirtualUnwind     000000018000b040     kernel32:KERNEL32.dll
 0002:00000048       __imp_IsDebuggerPresent    000000018000b048     kernel32:KERNEL32.dll
 0002:00000050       __imp_SetUnhandledExceptionFilter 000000018000b050     kernel32:KERNEL32.dll
 0002:00000058       __imp_UnhandledExceptionFilter 000000018000b058     kernel32:KERNEL32.dll
 0002:00000060       __imp_GetCurrentProcess    000000018000b060     kernel32:KERNEL32.dll
 0002:00000068       __imp_TerminateProcess     000000018000b068     kernel32:KERNEL32.dll
 0002:00000070       __imp_Sleep                000000018000b070     kernel32:KERNEL32.dll
 0002:00000078       __imp_DecodePointer        000000018000b078     kernel32:KERNEL32.dll
 0002:00000080       __imp_EncodePointer        000000018000b080     kernel32:KERNEL32.dll
 0002:00000088       \177KERNEL32_NULL_THUNK_DATA 000000018000b088     kernel32:KERNEL32.dll
 0002:00000090       __imp__onexit              000000018000b090     MSVCRT:MSVCR100.dll
 0002:00000098       __imp__lock                000000018000b098     MSVCRT:MSVCR100.dll
 0002:000000a0       __imp___dllonexit          000000018000b0a0     MSVCRT:MSVCR100.dll
 0002:000000a8       __imp__unlock              000000018000b0a8     MSVCRT:MSVCR100.dll
 0002:000000b0       __imp___clean_type_info_names_internal 000000018000b0b0     MSVCRT:MSVCR100.dll
 0002:000000b8       __imp___crt_debugger_hook  000000018000b0b8     MSVCRT:MSVCR100.dll
 0002:000000c0       __imp___CppXcptFilter      000000018000b0c0     MSVCRT:MSVCR100.dll
 0002:000000c8       __imp___C_specific_handler 000000018000b0c8     MSVCRT:MSVCR100.dll
 0002:000000d0       __imp_strcat               000000018000b0d0     MSVCRT:MSVCR100.dll
 0002:000000d8       __imp_strlen               000000018000b0d8     MSVCRT:MSVCR100.dll
 0002:000000e0       __imp_malloc               000000018000b0e0     MSVCRT:MSVCR100.dll
 0002:000000e8       __imp_strcmp               000000018000b0e8     MSVCRT:MSVCR100.dll
 0002:000000f0       __imp_sprintf              000000018000b0f0     MSVCRT:MSVCR100.dll
 0002:000000f8       __imp_free                 000000018000b0f8     MSVCRT:MSVCR100.dll
 0002:00000100       __imp_calloc               000000018000b100     MSVCRT:MSVCR100.dll
 0002:00000108       __imp_memcpy               000000018000b108     MSVCRT:MSVCR100.dll
 0002:00000110       __imp__malloc_crt          000000018000b110     MSVCRT:MSVCR100.dll
 0002:00000118       __imp__initterm            000000018000b118     MSVCRT:MSVCR100.dll
 0002:00000120       __imp__initterm_e          000000018000b120     MSVCRT:MSVCR100.dll
 0002:00000128       __imp__encoded_null        000000018000b128     MSVCRT:MSVCR100.dll
 0002:00000130       __imp__amsg_exit           000000018000b130     MSVCRT:MSVCR100.dll
 0002:00000138       \177MSVCR100_NULL_THUNK_DATA 000000018000b138     MSVCRT:MSVCR100.dll
 0002:00000140       __imp_emlrtCheckStructR2012b 000000018000b140     libemlrt:libemlrt.dll
 0002:00000148       __imp_emlrtCheckBuiltInR2012b 000000018000b148     libemlrt:libemlrt.dll
 0002:00000150       __imp_emlrtInitCharArrayR2013a 000000018000b150     libemlrt:libemlrt.dll
 0002:00000158       __imp_emlrtCreateCharArray 000000018000b158     libemlrt:libemlrt.dll
 0002:00000160       __imp_emlrtAssignP         000000018000b160     libemlrt:libemlrt.dll
 0002:00000168       __imp_emlrtCallMATLABR2012b 000000018000b168     libemlrt:libemlrt.dll
 0002:00000170       __imp_emlrtGetFieldR2013a  000000018000b170     libemlrt:libemlrt.dll
 0002:00000178       __imp_emlrtGetCell         000000018000b178     libemlrt:libemlrt.dll
 0002:00000180       __imp_emlrtDestroyArray    000000018000b180     libemlrt:libemlrt.dll
 0002:00000188       __imp_emlrtAlias           000000018000b188     libemlrt:libemlrt.dll
 0002:00000190       __imp_emlrtCreateCellMatrix 000000018000b190     libemlrt:libemlrt.dll
 0002:00000198       __imp_emlrtAssign          000000018000b198     libemlrt:libemlrt.dll
 0002:000001a0       __imp_emlrtCreateStructMatrix 000000018000b1a0     libemlrt:libemlrt.dll
 0002:000001a8       __imp_emlrtCreateNumericMatrix 000000018000b1a8     libemlrt:libemlrt.dll
 0002:000001b0       __imp_emlrtAddField        000000018000b1b0     libemlrt:libemlrt.dll
 0002:000001b8       __imp_emlrtCreateNumericArray 000000018000b1b8     libemlrt:libemlrt.dll
 0002:000001c0       __imp_emlrtSetCell         000000018000b1c0     libemlrt:libemlrt.dll
 0002:000001c8       __imp_emlrtCreateLogicalScalar 000000018000b1c8     libemlrt:libemlrt.dll
 0002:000001d0       __imp_emlrtCreateStructArray 000000018000b1d0     libemlrt:libemlrt.dll
 0002:000001d8       \177libemlrt_NULL_THUNK_DATA 000000018000b1d8     libemlrt:libemlrt.dll
 0002:000001e0       __imp_mexCallMATLABWithObject 000000018000b1e0     libmex:libmex.dll
 0002:000001e8       __imp_mexPrintf            000000018000b1e8     libmex:libmex.dll
 0002:000001f0       __imp_mexUnlock            000000018000b1f0     libmex:libmex.dll
 0002:000001f8       __imp_mexIsLocked          000000018000b1f8     libmex:libmex.dll
 0002:00000200       __imp_mexErrMsgTxt         000000018000b200     libmex:libmex.dll
 0002:00000208       __imp_mexWarnMsgTxt        000000018000b208     libmex:libmex.dll
 0002:00000210       \177libmex_NULL_THUNK_DATA 000000018000b210     libmex:libmex.dll
 0002:00000218       __imp_cgxertSetRuntimeInstance 000000018000b218     libmwcgxert:libmwcgxert.dll
 0002:00000220       __imp_cgxertGetInputPortSignal 000000018000b220     libmwcgxert:libmwcgxert.dll
 0002:00000228       __imp_cgxertGetCovrtInstance 000000018000b228     libmwcgxert:libmwcgxert.dll
 0002:00000230       __imp_cgxertGetEMLRTCtx    000000018000b230     libmwcgxert:libmwcgxert.dll
 0002:00000238       __imp_cgxertGetRuntimeInstance 000000018000b238     libmwcgxert:libmwcgxert.dll
 0002:00000240       \177libmwcgxert_NULL_THUNK_DATA 000000018000b240     libmwcgxert:libmwcgxert.dll
 0002:00000248       __imp_mxCalloc             000000018000b248     libmx:libmx.dll
 0002:00000250       __imp_mxGetM               000000018000b250     libmx:libmx.dll
 0002:00000258       __imp_mxGetN               000000018000b258     libmx:libmx.dll
 0002:00000260       __imp_mxIsComplex          000000018000b260     libmx:libmx.dll
 0002:00000268       __imp_mxIsNumeric          000000018000b268     libmx:libmx.dll
 0002:00000270       __imp_mxCreateNumericMatrix_700 000000018000b270     libmx:libmx.dll
 0002:00000278       __imp_mxSetField_700       000000018000b278     libmx:libmx.dll
 0002:00000280       __imp_mxCreateDoubleMatrix_700 000000018000b280     libmx:libmx.dll
 0002:00000288       __imp_mxIsChar             000000018000b288     libmx:libmx.dll
 0002:00000290       __imp_mxGetString_700      000000018000b290     libmx:libmx.dll
 0002:00000298       __imp_mxGetPr              000000018000b298     libmx:libmx.dll
 0002:000002a0       __imp_mxGetClassID         000000018000b2a0     libmx:libmx.dll
 0002:000002a8       __imp_mxCreateStructMatrix_700 000000018000b2a8     libmx:libmx.dll
 0002:000002b0       __imp_mxSetFieldByNumber_700 000000018000b2b0     libmx:libmx.dll
 0002:000002b8       __imp_mxCreateCellMatrix_700 000000018000b2b8     libmx:libmx.dll
 0002:000002c0       __imp_mxSetCell_700        000000018000b2c0     libmx:libmx.dll
 0002:000002c8       __imp_mxCreateString       000000018000b2c8     libmx:libmx.dll
 0002:000002d0       __imp_mxGetLogicals        000000018000b2d0     libmx:libmx.dll
 0002:000002d8       __imp_mxGetData            000000018000b2d8     libmx:libmx.dll
 0002:000002e0       \177libmx_NULL_THUNK_DATA  000000018000b2e0     libmx:libmx.dll
 0002:000002e8       __xc_a                     000000018000b2e8     MSVCRT:cinitexe.obj
 0002:000002f0       __xc_z                     000000018000b2f0     MSVCRT:cinitexe.obj
 0002:000002f8       __xi_a                     000000018000b2f8     MSVCRT:cinitexe.obj
 0002:00000308       __xi_z                     000000018000b308     MSVCRT:cinitexe.obj
 0002:000003c0       DYNAMIC_DIMENSION_DEF      000000018000b3c0     lab3_step_DM_cgxe_registry.obj
 0002:000003e0       _ssBadLevel2InputAccessMsg 000000018000b3e0     lab3_step_DM_cgxe_registry.obj
 0002:00000570       _ssBadLevel2ReusableInputAccessMsg 000000018000b570     lab3_step_DM_cgxe_registry.obj
 0002:00000670       _ssBadLevel2DirectFeedMsg  000000018000b670     lab3_step_DM_cgxe_registry.obj
 0002:000007b0       _ssBadLevel2DirectFeedSolutionMsg 000000018000b7b0     lab3_step_DM_cgxe_registry.obj
 0002:00000820       _ssBadLevel2ZeroDirectFeedMsg 000000018000b820     lab3_step_DM_cgxe_registry.obj
 0002:00000960       _ssBadLevel2ZeroDirectFeedMsg2 000000018000b960     lab3_step_DM_cgxe_registry.obj
 0002:00000a48       __real@0000000000000000    000000018000ba48     lab3_step_DM_cgxe_registry.obj
 0002:00000a50       __real@bff0000000000000    000000018000ba50     lab3_step_DM_cgxe_registry.obj
 0002:00000a58       __real@41ec0467b5e00000    000000018000ba58     lab3_step_DM_cgxe_registry.obj
 0002:00000a60       __real@41ee4fc919000000    000000018000ba60     lab3_step_DM_cgxe_registry.obj
 0002:00000a68       __real@41c48f5e76800000    000000018000ba68     lab3_step_DM_cgxe_registry.obj
 0002:00000a70       __real@41d41f69f4c00000    000000018000ba70     lab3_step_DM_cgxe_registry.obj
 0002:00000a78       __real@41e6b4b26ce00000    000000018000ba78     lab3_step_DM_cgxe_registry.obj
 0002:00000a80       __real@41d650e737800000    000000018000ba80     lab3_step_DM_cgxe_registry.obj
 0002:00000a88       __real@41e8368231600000    000000018000ba88     lab3_step_DM_cgxe_registry.obj
 0002:00000a90       __real@41b8e51367000000    000000018000ba90     lab3_step_DM_cgxe_registry.obj
 0002:00000a98       __real@41eb255b88800000    000000018000ba98     lab3_step_DM_cgxe_registry.obj
 0002:00000aa0       __real@41c97f9902000000    000000018000baa0     lab3_step_DM_cgxe_registry.obj
 0002:00000aa8       __real@41e38a8c3ba00000    000000018000baa8     lab3_step_DM_cgxe_registry.obj
 0002:00000ab0       __real@41a3715438000000    000000018000bab0     lab3_step_DM_cgxe_registry.obj
 0002:00000ab8       __real@41602cbca0000000    000000018000bab8     lab3_step_DM_cgxe_registry.obj
 0002:00000ac0       _pDefaultRawDllMain        000000018000bac0     MSVCRT:crtdll.obj
 0002:00000ac0       _pRawDllMain               000000018000bac0     MSVCRT:crtdll.obj
 0002:00000ad8       ?ProcessDetach@NativeDll@<CrtImplementationDetails>@@0IB 000000018000bad8     MSVCRT:tncleanup.obj
 0002:00000adc       ?ProcessAttach@NativeDll@<CrtImplementationDetails>@@0IB 000000018000badc     MSVCRT:tncleanup.obj
 0002:00000ae0       ?ThreadAttach@NativeDll@<CrtImplementationDetails>@@0IB 000000018000bae0     MSVCRT:tncleanup.obj
 0002:00000ae4       ?ThreadDetach@NativeDll@<CrtImplementationDetails>@@0IB 000000018000bae4     MSVCRT:tncleanup.obj
 0002:00000ae8       ?ProcessVerifier@NativeDll@<CrtImplementationDetails>@@0IB 000000018000bae8     MSVCRT:tncleanup.obj
 0002:00000af0       __rtc_iaa                  000000018000baf0     MSVCRT:_initsect_.obj
 0002:00000af8       __rtc_izz                  000000018000baf8     MSVCRT:_initsect_.obj
 0002:00000b00       __rtc_taa                  000000018000bb00     MSVCRT:_initsect_.obj
 0002:00000b08       __rtc_tzz                  000000018000bb08     MSVCRT:_initsect_.obj
 0002:00001088       __IMPORT_DESCRIPTOR_libmx  000000018000c088     libmx:libmx.dll
 0002:0000109c       __IMPORT_DESCRIPTOR_libmex 000000018000c09c     libmex:libmex.dll
 0002:000010b0       __IMPORT_DESCRIPTOR_libemlrt 000000018000c0b0     libemlrt:libemlrt.dll
 0002:000010c4       __IMPORT_DESCRIPTOR_libmwcgxert 000000018000c0c4     libmwcgxert:libmwcgxert.dll
 0002:000010d8       __IMPORT_DESCRIPTOR_MSVCR100 000000018000c0d8     MSVCRT:MSVCR100.dll
 0002:000010ec       __IMPORT_DESCRIPTOR_KERNEL32 000000018000c0ec     kernel32:KERNEL32.dll
 0002:00001100       __NULL_IMPORT_DESCRIPTOR   000000018000c100     libmx:libmx.dll
 0003:00000b50       DYNAMIC_DIMENSION          000000018000db50     lab3_step_DM_cgxe_registry.obj
 0003:000017e0       __security_cookie          000000018000e7e0     MSVCRT:gs_cookie.obj
 0003:000017e8       __security_cookie_complement 000000018000e7e8     MSVCRT:gs_cookie.obj
 0003:000017f0       _fltused                   000000018000e7f0     MSVCRT:dllsupp.obj
 0003:000017f4       __native_dllmain_reason    000000018000e7f4     MSVCRT:natstart.obj
 0003:000017f8       __native_vcclrit_reason    000000018000e7f8     MSVCRT:natstart.obj
 0003:00001e60       ?__type_info_root_node@@3U__type_info_node@@A 000000018000ee60     MSVCRT:tncleanup.obj
 0003:00001e70       __native_startup_state     000000018000ee70     <common>
 0003:00001e78       __native_startup_lock      000000018000ee78     <common>
 0003:00001e80       __onexitend                000000018000ee80     <common>
 0003:00001e88       __onexitbegin              000000018000ee88     <common>
 0003:00001e90       __dyn_tls_init_callback    000000018000ee90     <common>

 entry point at        0001:000093f4

 Static symbols

 0001:00000100       getSimState_CvDDrgzKCMUBtsbzOngNU 0000000180001100 f   m_CvDDrgzKCMUBtsbzOngNU.obj
 0001:00000140       cgxe_mdl_get_sim_state     0000000180001140 f   m_CvDDrgzKCMUBtsbzOngNU.obj
 0001:00000490       setSimState_CvDDrgzKCMUBtsbzOngNU 0000000180001490 f   m_CvDDrgzKCMUBtsbzOngNU.obj
 0001:000004d0       cgxe_mdl_set_sim_state     00000001800014d0 f   m_CvDDrgzKCMUBtsbzOngNU.obj
 0001:00000600       emlrt_marshallIn           0000000180001600 f   m_CvDDrgzKCMUBtsbzOngNU.obj
 0001:000006f0       b_emlrt_marshallIn         00000001800016f0 f   m_CvDDrgzKCMUBtsbzOngNU.obj
 0001:00000860       c_emlrt_marshallIn         0000000180001860 f   m_CvDDrgzKCMUBtsbzOngNU.obj
 0001:000008b0       d_emlrt_marshallIn         00000001800018b0 f   m_CvDDrgzKCMUBtsbzOngNU.obj
 0001:00000980       e_emlrt_marshallIn         0000000180001980 f   m_CvDDrgzKCMUBtsbzOngNU.obj
 0001:000009d0       f_emlrt_marshallIn         00000001800019d0 f   m_CvDDrgzKCMUBtsbzOngNU.obj
 0001:00000a40       g_emlrt_marshallIn         0000000180001a40 f   m_CvDDrgzKCMUBtsbzOngNU.obj
 0001:00000a90       h_emlrt_marshallIn         0000000180001a90 f   m_CvDDrgzKCMUBtsbzOngNU.obj
 0001:00000b00       i_emlrt_marshallIn         0000000180001b00 f   m_CvDDrgzKCMUBtsbzOngNU.obj
 0001:00000ba0       j_emlrt_marshallIn         0000000180001ba0 f   m_CvDDrgzKCMUBtsbzOngNU.obj
 0001:00000c20       mdlStart_CvDDrgzKCMUBtsbzOngNU 0000000180001c20 f   m_CvDDrgzKCMUBtsbzOngNU.obj
 0001:00000cf0       cgxe_mdl_start             0000000180001cf0 f   m_CvDDrgzKCMUBtsbzOngNU.obj
 0001:000010f0       error                      00000001800020f0 f   m_CvDDrgzKCMUBtsbzOngNU.obj
 0001:00001160       message                    0000000180002160 f   m_CvDDrgzKCMUBtsbzOngNU.obj
 0001:000011e0       init_simulink_io_address   00000001800021e0 f   m_CvDDrgzKCMUBtsbzOngNU.obj
 0001:00001240       mdlOutputs_CvDDrgzKCMUBtsbzOngNU 0000000180002240 f   m_CvDDrgzKCMUBtsbzOngNU.obj
 0001:00001280       cgxe_mdl_outputs           0000000180002280 f   m_CvDDrgzKCMUBtsbzOngNU.obj
 0001:000018d0       mdlInitialize_CvDDrgzKCMUBtsbzOngNU 00000001800028d0 f   m_CvDDrgzKCMUBtsbzOngNU.obj
 0001:00001900       cgxe_mdl_initialize        0000000180002900 f   m_CvDDrgzKCMUBtsbzOngNU.obj
 0001:00001e00       mdlUpdate_CvDDrgzKCMUBtsbzOngNU 0000000180002e00 f   m_CvDDrgzKCMUBtsbzOngNU.obj
 0001:00001e40       cgxe_mdl_update            0000000180002e40 f   m_CvDDrgzKCMUBtsbzOngNU.obj
 0001:00001e50       mdlTerminate_CvDDrgzKCMUBtsbzOngNU 0000000180002e50 f   m_CvDDrgzKCMUBtsbzOngNU.obj
 0001:00001e90       cgxe_mdl_terminate         0000000180002e90 f   m_CvDDrgzKCMUBtsbzOngNU.obj
 0001:000023d0       mdlProcessParameters_CvDDrgzKCMUBtsbzOngNU 00000001800033d0 f   m_CvDDrgzKCMUBtsbzOngNU.obj
 0001:00004850       _ssFatalError              0000000180005850 f   lab3_step_DM_cgxe_registry.obj
 0001:00007a30       mdlStart                   0000000180008a30 f   lab3_step_DM_cgxe_registry.obj
 0001:00007a70       mdlInitializeConditions    0000000180008a70 f   lab3_step_DM_cgxe_registry.obj
 0001:00007a90       mdlUpdate                  0000000180008a90 f   lab3_step_DM_cgxe_registry.obj
 0001:00007ac0       mdlOutputs                 0000000180008ac0 f   lab3_step_DM_cgxe_registry.obj
 0001:00007af0       mdlTerminate               0000000180008af0 f   lab3_step_DM_cgxe_registry.obj
 0001:00007b10       mdlInitializeSampleTimes   0000000180008b10 f   lab3_step_DM_cgxe_registry.obj
 0001:00007b20       ProcessMexSfunctionCmdLineCall 0000000180008b20 f   lab3_step_DM_cgxe_registry.obj
 0001:00007d20       cgxe_process_get_checksums 0000000180008d20 f   lab3_step_DM_cgxe_registry.obj
 0001:00007ff0       cgxe_get_supported_modules 0000000180008ff0 f   lab3_step_DM_cgxe_registry.obj
 0001:000080a0       cgxe_mex_unlock_call       00000001800090a0 f   lab3_step_DM_cgxe_registry.obj
 0001:000080e0       cgxe_get_sim_state         00000001800090e0 f   lab3_step_DM_cgxe_registry.obj
 0001:00008150       cgxe_unpack_simstruct      0000000180009150 f   lab3_step_DM_cgxe_registry.obj
 0001:000081f0       cgxe_set_sim_state         00000001800091f0 f   lab3_step_DM_cgxe_registry.obj
 0001:00008260       cgxe_get_BuildInfoUpdate   0000000180009260 f   lab3_step_DM_cgxe_registry.obj
 0001:00008300       cgxe_get_fallback_info     0000000180009300 f   lab3_step_DM_cgxe_registry.obj
 0001:000083a0       mdlZeroCrossings           00000001800093a0 f   lab3_step_DM_cgxe_registry.obj
 0001:000083f0       mdlGetTimeOfNextVarHit     00000001800093f0 f   lab3_step_DM_cgxe_registry.obj
 0001:00008440       _ProcessMexSfunctionCmdLineCall 0000000180009440 f   lab3_step_DM_cgxe_registry.obj
 0001:00008af0       mdlInitializeSizes         0000000180009af0 f   lab3_step_DM_cgxe_registry.obj
 0001:00008b00       _CreateSimStruct           0000000180009b00 f   lab3_step_DM_cgxe_registry.obj
 0001:00008cf0       _RegNumInputPortsCB        0000000180009cf0 f   lab3_step_DM_cgxe_registry.obj
 0001:00008d70       _RegNumOutputPortsCB       0000000180009d70 f   lab3_step_DM_cgxe_registry.obj
 0001:00008ffc       pre_c_init                 0000000180009ffc f   MSVCRT:crtdll.obj
 0001:000092b8       __DllMainCRTStartup        000000018000a2b8 f   MSVCRT:crtdll.obj
 0001:00009920       __DllMainCRTStartup$filt$0 000000018000a920 f   MSVCRT:crtdll.obj
 0001:00009950       __DllMainCRTStartup$fin$1  000000018000a950 f   MSVCRT:crtdll.obj
 0001:0000996a       _onexit$fin$0              000000018000a96a f   MSVCRT:atonexit.obj
 0001:00009990       _IsNonwritableInCurrentImage$filt$0 000000018000a990 f   MSVCRT:pesect.obj
